[09-Jan-2025 09:23:44 UTC] PHP Fatal error:  Cannot redeclare App\Http\Controllers\api\UsersController::get() in /var/www/ai.brainymed.com/ntact/app/Http/Controllers/api/UsersController.php on line 68
[09-Jan-2025 09:32:40 UTC] PHP Fatal error:  Cannot redeclare App\Http\Controllers\api\UsersController::get() in /var/www/ai.brainymed.com/ntact/app/Http/Controllers/api/UsersController.php on line 68
[09-Jan-2025 09:59:05 UTC] PHP Fatal error:  Cannot redeclare App\Http\Controllers\api\UsersController::get() in /var/www/ai.brainymed.com/ntact/app/Http/Controllers/api/UsersController.php on line 68
[09-Jan-2025 10:15:43 UTC] PHP Fatal error:  Cannot redeclare App\Http\Controllers\api\UsersController::get() in /var/www/ai.brainymed.com/ntact/app/Http/Controllers/api/UsersController.php on line 68
[09-Jan-2025 10:19:13 UTC] PHP Fatal error:  Cannot redeclare App\Http\Controllers\api\UsersController::get() in /var/www/ai.brainymed.com/ntact/app/Http/Controllers/api/UsersController.php on line 68
[09-Jan-2025 10:20:38 UTC] PHP Fatal error:  Cannot redeclare App\Http\Controllers\api\UsersController::get() in /var/www/ai.brainymed.com/ntact/app/Http/Controllers/api/UsersController.php on line 68
[09-Jan-2025 10:27:29 UTC] PHP Fatal error:  Cannot redeclare App\Http\Controllers\api\UsersController::get() in /var/www/ai.brainymed.com/ntact/app/Http/Controllers/api/UsersController.php on line 68
[09-Jan-2025 10:27:43 UTC] PHP Fatal error:  Cannot redeclare App\Http\Controllers\api\UsersController::get() in /var/www/ai.brainymed.com/ntact/app/Http/Controllers/api/UsersController.php on line 68
[09-Jan-2025 10:28:10 UTC] PHP Fatal error:  Cannot redeclare App\Http\Controllers\api\UsersController::get() in /var/www/ai.brainymed.com/ntact/app/Http/Controllers/api/UsersController.php on line 68
[09-Jan-2025 10:28:18 UTC] PHP Fatal error:  Cannot redeclare App\Http\Controllers\api\UsersController::get() in /var/www/ai.brainymed.com/ntact/app/Http/Controllers/api/UsersController.php on line 68
[09-Jan-2025 10:28:33 UTC] PHP Fatal error:  Cannot redeclare App\Http\Controllers\api\UsersController::get() in /var/www/ai.brainymed.com/ntact/app/Http/Controllers/api/UsersController.php on line 68
[09-Jan-2025 10:29:11 UTC] PHP Fatal error:  Cannot redeclare App\Http\Controllers\api\UsersController::get() in /var/www/ai.brainymed.com/ntact/app/Http/Controllers/api/UsersController.php on line 68
[09-Jan-2025 10:29:39 UTC] PHP Fatal error:  Cannot redeclare App\Http\Controllers\api\UsersController::get() in /var/www/ai.brainymed.com/ntact/app/Http/Controllers/api/UsersController.php on line 68
[09-Jan-2025 10:30:46 UTC] PHP Fatal error:  Cannot redeclare App\Http\Controllers\api\UsersController::get() in /var/www/ai.brainymed.com/ntact/app/Http/Controllers/api/UsersController.php on line 68
[09-Jan-2025 10:30:57 UTC] PHP Fatal error:  Cannot redeclare App\Http\Controllers\api\UsersController::get() in /var/www/ai.brainymed.com/ntact/app/Http/Controllers/api/UsersController.php on line 68
[09-Jan-2025 10:31:19 UTC] PHP Fatal error:  Cannot redeclare App\Http\Controllers\api\UsersController::get() in /var/www/ai.brainymed.com/ntact/app/Http/Controllers/api/UsersController.php on line 68
[09-Jan-2025 10:31:46 UTC] PHP Fatal error:  Cannot redeclare App\Http\Controllers\api\UsersController::get() in /var/www/ai.brainymed.com/ntact/app/Http/Controllers/api/UsersController.php on line 68
[09-Jan-2025 10:32:04 UTC] PHP Fatal error:  Cannot redeclare App\Http\Controllers\api\UsersController::get() in /var/www/ai.brainymed.com/ntact/app/Http/Controllers/api/UsersController.php on line 68
[09-Jan-2025 10:45:01 UTC] PHP Fatal error:  Cannot redeclare App\Http\Controllers\api\UsersController::get() in /var/www/ai.brainymed.com/ntact/app/Http/Controllers/api/UsersController.php on line 68
[09-Jan-2025 10:49:45 UTC] PHP Fatal error:  Cannot redeclare App\Http\Controllers\api\UsersController::get() in /var/www/ai.brainymed.com/ntact/app/Http/Controllers/api/UsersController.php on line 68
[09-Jan-2025 10:49:58 UTC] PHP Fatal error:  Cannot redeclare App\Http\Controllers\api\UsersController::get() in /var/www/ai.brainymed.com/ntact/app/Http/Controllers/api/UsersController.php on line 68
[09-Jan-2025 10:50:06 UTC] PHP Fatal error:  Cannot redeclare App\Http\Controllers\api\UsersController::get() in /var/www/ai.brainymed.com/ntact/app/Http/Controllers/api/UsersController.php on line 68
[09-Jan-2025 10:50:16 UTC] PHP Fatal error:  Cannot redeclare App\Http\Controllers\api\UsersController::get() in /var/www/ai.brainymed.com/ntact/app/Http/Controllers/api/UsersController.php on line 68
[09-Jan-2025 10:53:38 UTC] PHP Fatal error:  Cannot redeclare App\Http\Controllers\api\UsersController::get() in /var/www/ai.brainymed.com/ntact/app/Http/Controllers/api/UsersController.php on line 68
[09-Jan-2025 10:53:48 UTC] PHP Fatal error:  Cannot redeclare App\Http\Controllers\api\UsersController::get() in /var/www/ai.brainymed.com/ntact/app/Http/Controllers/api/UsersController.php on line 68
[09-Jan-2025 10:56:41 UTC] PHP Fatal error:  Cannot redeclare App\Http\Controllers\api\UsersController::get() in /var/www/ai.brainymed.com/ntact/app/Http/Controllers/api/UsersController.php on line 68
[09-Jan-2025 11:07:14 UTC] PHP Fatal error:  Cannot redeclare App\Http\Controllers\api\UsersController::get() in /var/www/ai.brainymed.com/ntact/app/Http/Controllers/api/UsersController.php on line 68
[09-Jan-2025 11:09:22 UTC] PHP Fatal error:  Cannot redeclare App\Http\Controllers\api\UsersController::get() in /var/www/ai.brainymed.com/ntact/app/Http/Controllers/api/UsersController.php on line 68
[09-Jan-2025 11:10:45 UTC] PHP Fatal error:  Cannot redeclare App\Http\Controllers\api\UsersController::get() in /var/www/ai.brainymed.com/ntact/app/Http/Controllers/api/UsersController.php on line 68
[09-Jan-2025 11:11:46 UTC] PHP Fatal error:  Cannot redeclare App\Http\Controllers\api\UsersController::get() in /var/www/ai.brainymed.com/ntact/app/Http/Controllers/api/UsersController.php on line 68
[09-Jan-2025 11:11:55 UTC] PHP Fatal error:  Cannot redeclare App\Http\Controllers\api\UsersController::get() in /var/www/ai.brainymed.com/ntact/app/Http/Controllers/api/UsersController.php on line 68
[09-Jan-2025 11:12:03 UTC] PHP Fatal error:  Cannot redeclare App\Http\Controllers\api\UsersController::get() in /var/www/ai.brainymed.com/ntact/app/Http/Controllers/api/UsersController.php on line 68
[09-Jan-2025 11:12:10 UTC] PHP Fatal error:  Cannot redeclare App\Http\Controllers\api\UsersController::get() in /var/www/ai.brainymed.com/ntact/app/Http/Controllers/api/UsersController.php on line 68
[09-Jan-2025 11:12:21 UTC] PHP Fatal error:  Cannot redeclare App\Http\Controllers\api\UsersController::get() in /var/www/ai.brainymed.com/ntact/app/Http/Controllers/api/UsersController.php on line 68
[09-Jan-2025 11:14:45 UTC] PHP Fatal error:  Cannot redeclare App\Http\Controllers\api\UsersController::get() in /var/www/ai.brainymed.com/ntact/app/Http/Controllers/api/UsersController.php on line 68
[09-Jan-2025 11:16:15 UTC] PHP Fatal error:  Cannot redeclare App\Http\Controllers\api\UsersController::get() in /var/www/ai.brainymed.com/ntact/app/Http/Controllers/api/UsersController.php on line 68
[09-Jan-2025 11:16:28 UTC] PHP Fatal error:  Cannot redeclare App\Http\Controllers\api\UsersController::get() in /var/www/ai.brainymed.com/ntact/app/Http/Controllers/api/UsersController.php on line 68
[09-Jan-2025 11:20:14 UTC] PHP Fatal error:  Cannot redeclare App\Http\Controllers\api\UsersController::get() in /var/www/ai.brainymed.com/ntact/app/Http/Controllers/api/UsersController.php on line 68
[09-Jan-2025 11:20:20 UTC] PHP Fatal error:  Cannot redeclare App\Http\Controllers\api\UsersController::get() in /var/www/ai.brainymed.com/ntact/app/Http/Controllers/api/UsersController.php on line 68
[09-Jan-2025 11:21:25 UTC] PHP Fatal error:  Cannot redeclare App\Http\Controllers\api\UsersController::get() in /var/www/ai.brainymed.com/ntact/app/Http/Controllers/api/UsersController.php on line 68
[09-Jan-2025 11:22:12 UTC] PHP Fatal error:  Cannot redeclare App\Http\Controllers\api\UsersController::get() in /var/www/ai.brainymed.com/ntact/app/Http/Controllers/api/UsersController.php on line 68
[09-Jan-2025 11:23:05 UTC] PHP Fatal error:  Cannot redeclare App\Http\Controllers\api\UsersController::get() in /var/www/ai.brainymed.com/ntact/app/Http/Controllers/api/UsersController.php on line 68
[09-Jan-2025 11:24:29 UTC] PHP Fatal error:  Cannot redeclare App\Http\Controllers\api\UsersController::get() in /var/www/ai.brainymed.com/ntact/app/Http/Controllers/api/UsersController.php on line 68
[09-Jan-2025 11:27:45 UTC] PHP Fatal error:  Cannot redeclare App\Http\Controllers\api\UsersController::get() in /var/www/ai.brainymed.com/ntact/app/Http/Controllers/api/UsersController.php on line 68
[09-Jan-2025 11:27:57 UTC] PHP Fatal error:  Cannot redeclare App\Http\Controllers\api\UsersController::get() in /var/www/ai.brainymed.com/ntact/app/Http/Controllers/api/UsersController.php on line 68
[09-Jan-2025 11:28:11 UTC] PHP Fatal error:  Cannot redeclare App\Http\Controllers\api\UsersController::get() in /var/www/ai.brainymed.com/ntact/app/Http/Controllers/api/UsersController.php on line 68
[12-Jan-2025 14:23:26 UTC] PHP Warning:  require(/var/www/ai.brainymed.com/ntact/vendor/autoload.php): Failed to open stream: No such file or directory in /var/www/ai.brainymed.com/ntact/index.php on line 13
[12-Jan-2025 14:23:26 UTC] PHP Fatal error:  Uncaught Error: Failed opening required '/var/www/ai.brainymed.com/ntact/vendor/autoload.php' (include_path='.:/usr/share/php') in /var/www/ai.brainymed.com/ntact/index.php:13
Stack trace:
#0 {main}
  thrown in /var/www/ai.brainymed.com/ntact/index.php on line 13
[12-Jan-2025 14:24:41 UTC] PHP Warning:  require(/var/www/ai.brainymed.com/ntact/vendor/composer/../darkaonline/l5-swagger/src/helpers.php): Failed to open stream: No such file or directory in /var/www/ai.brainymed.com/ntact/vendor/composer/autoload_real.php on line 41
[12-Jan-2025 14:24:41 UTC] PHP Fatal error:  Uncaught Error: Failed opening required '/var/www/ai.brainymed.com/ntact/vendor/composer/../darkaonline/l5-swagger/src/helpers.php' (include_path='.:/usr/share/php') in /var/www/ai.brainymed.com/ntact/vendor/composer/autoload_real.php:41
Stack trace:
#0 /var/www/ai.brainymed.com/ntact/vendor/composer/autoload_real.php(45): {closure}()
#1 /var/www/ai.brainymed.com/ntact/vendor/autoload.php(25): ComposerAutoloaderInite5fbbe6137dc77bcd5b6646b5dd75b52::getLoader()
#2 /var/www/ai.brainymed.com/ntact/index.php(13): require('...')
#3 {main}
  thrown in /var/www/ai.brainymed.com/ntact/vendor/composer/autoload_real.php on line 41
